I'm sorry, but errors were detected in your script. Please correct the
errors listed below, and try again.


File "game/script.rpy", line 1018: Only one say menuitem may exist per menu.
    d "Paano niyo mailalarawan ang tunog nila Fiona at Jane?"
                                                             ^

Ren'Py Version: Ren'Py 8.3.6.25022803
Wed Mar 26 12:29:18 2025
